{
  errors: [
    {
      PropertyName: 'Content',
      ErrorMessage: '\'Content\' must not be empty.',
      ErrorCode: 'NotEmptyValidator',
      FormattedMessagePlaceholderValues: {
        PropertyName: 'Content',
        PropertyValue: null
      },
      ResourceName: 'NotEmptyValidator'
    }
  ],
  ClassName: 'FluentValidation.ValidationException',
  Message: 'Validation failed for message \'MessageWithValidator\', with the following error/s:',
  Data: null,
  InnerException: null,
  HelpURL: null,
  StackTraceString: '   at MessageValidator.Validate(Type messageType, IBuilder contextBuilder, Object instance, Dictionary`2 headers, ContextBag contextBag) in C:\Users\avthomann\repos\NServiceBus.Validation\src\NServiceBus.FluentValidation\MessageValidator.cs:line 48\r\n   at IncomingValidationBehavior.Invoke(IIncomingLogicalMessageContext context, Func`1 next) in C:\Users\avthomann\repos\NServiceBus.Validation\src\NServiceBus.FluentValidation\IncomingValidationBehavior.cs:line 17\r\n   at NServiceBus.DeserializeLogicalMessagesConnector.Invoke(IIncomingPhysicalMessageContext context, Func`2 stage) in C:\BuildAgent\work\ed946b9f0e4aae01\src\NServiceBus.Core\Pipeline\Incoming\DeserializeLogicalMessagesConnector.cs:line 33\r\n   at NServiceBus.UnitOfWorkBehavior.InvokeUnitsOfWork(IIncomingPhysicalMessageContext context, Func`2 next) in C:\BuildAgent\work\ed946b9f0e4aae01\src\NServiceBus.Core\UnitOfWork\UnitOfWorkBehavior.cs:line 40\r\n   at NServiceBus.UnitOfWorkBehavior.InvokeUnitsOfWork(IIncomingPhysicalMessageContext context, Func`2 next) in C:\BuildAgent\work\ed946b9f0e4aae01\src\NServiceBus.Core\UnitOfWork\UnitOfWorkBehavior.cs:line 62\r\n   at NServiceBus.MutateIncomingTransportMessageBehavior.InvokeIncomingTransportMessagesMutators(IIncomingPhysicalMessageContext context, Func`2 next) in C:\BuildAgent\work\ed946b9f0e4aae01\src\NServiceBus.Core\MessageMutators\MutateTransportMessage\MutateIncomingTransportMessageBehavior.cs:line 59\r\n   at NServiceBus.ProcessingStatisticsBehavior.Invoke(IIncomingPhysicalMessageContext context, Func`2 next) in C:\BuildAgent\work\ed946b9f0e4aae01\src\NServiceBus.Core\Performance\Statistics\ProcessingStatisticsBehavior.cs:line 25\r\n   at NServiceBus.TransportReceiveToPhysicalMessageProcessingConnector.Invoke(ITransportReceiveContext context, Func`2 next) in C:\BuildAgent\work\ed946b9f0e4aae01\src\NServiceBus.Core\Pipeline\Incoming\TransportReceiveToPhysicalMessageProcessingConnector.cs:line 39\r\n   at NServiceBus.MainPipelineExecutor.Invoke(MessageContext messageContext) in C:\BuildAgent\work\ed946b9f0e4aae01\src\NServiceBus.Core\Pipeline\MainPipelineExecutor.cs:line 34\r\n   at NServiceBus.LearningTransportMessagePump.ProcessFile(ILearningTransportTransaction transaction, String messageId) in C:\BuildAgent\work\ed946b9f0e4aae01\src\NServiceBus.Core\Transports\Learning\LearningTransportMessagePump.cs:line 279',
  RemoteStackTraceString: null,
  RemoteStackIndex: 0,
  ExceptionMethod: null,
  HResult: -2146233088,
  Source: 'NServiceBus.FluentValidation',
  WatsonBuckets: null
}