Validation failed for message 'MessageWithValidator'.
NServiceBus.FluentValidation.MessageValidationException: Validation failed for message 'MessageWithValidator'.
Validation failed: 
 -- Content: 'Content' must not be empty.
   at MessageValidator.Validate(Type messageType, IBuilder contextBuilder, Object instance, IReadOnlyDictionary`2 headers, ContextBag contextBag) in C:\Code\NServiceBus.Validation\src\NServiceBus.FluentValidation\MessageValidator.cs:line 53
   at IncomingValidationBehavior.Invoke(IIncomingLogicalMessageContext context, Func`1 next) in C:\Code\NServiceBus.Validation\src\NServiceBus.FluentValidation\IncomingValidationBehavior.cs:line 18
   at NServiceBus.DeserializeLogicalMessagesConnector.Invoke(IIncomingPhysicalMessageContext context, Func`2 stage)
   at NServiceBus.UnitOfWorkBehavior.InvokeUnitsOfWork(IIncomingPhysicalMessageContext context, Func`2 next)
   at NServiceBus.UnitOfWorkBehavior.InvokeUnitsOfWork(IIncomingPhysicalMessageContext context, Func`2 next)
   at NServiceBus.MutateIncomingTransportMessageBehavior.InvokeIncomingTransportMessagesMutators(IIncomingPhysicalMessageContext context, Func`2 next)
   at NServiceBus.ProcessingStatisticsBehavior.Invoke(IIncomingPhysicalMessageContext context, Func`2 next)
   at NServiceBus.TransportReceiveToPhysicalMessageProcessingConnector.Invoke(ITransportReceiveContext context, Func`2 next)
   at NServiceBus.MainPipelineExecutor.Invoke(MessageContext messageContext)
   at NServiceBus.LearningTransportMessagePump.ProcessFile(ILearningTransportTransaction transaction, String messageId)