{
  MessageType: 'MessageWithValidator',
  Errors: [
    {
      PropertyName: 'Content',
      ErrorMessage: '\'Content\' must not be empty.',
      ErrorCode: 'NotEmptyValidator',
      FormattedMessagePlaceholderValues: {
        PropertyName: 'Content',
        PropertyValue: null
      },
      ResourceName: 'NotEmptyValidator'
    }
  ],
  Message: 'Validation failed: \r\n -- Content: \'Content\' must not be empty.',
  Data: {},
  Source: 'NServiceBus.FluentValidation'
}